../Core/Src/main.c:134:16:handleButtonDebounce	24	static
../Core/Src/main.c:144:6:HAL_TIM_PeriodElapsedCallback	24	static
../Core/Src/main.c:202:5:main	16	static
../Core/Src/main.c:257:6:SystemClock_Config	88	static
../Core/Src/main.c:304:13:MX_ADC1_Init	24	static
../Core/Src/main.c:360:13:MX_TIM2_Init	32	static
../Core/Src/main.c:405:13:MX_TIM3_Init	56	static
../Core/Src/main.c:454:13:MX_USART1_UART_Init	8	static
../Core/Src/main.c:485:13:MX_DMA_Init	16	static
../Core/Src/main.c:503:13:MX_GPIO_Init	40	static
../Core/Src/main.c:560:6:Error_Handler	4	static,ignoring_inline_asm
